============================= test session starts =============================
platform win32 -- Python 3.12.9, pytest-9.0.2, pluggy-1.6.0
rootdir: C:\Users\arjun\OneDrive\Documents\Projects\MyProjects\Retail_Insights_Assistant_GenAI_Scalable_Data_System
plugins: anyio-4.12.0, langsmith-0.5.1
collected 5 items

tests\test_agents.py FF                                                  [ 40%]
tests\test_data_layer.py ...                                             [100%]

================================== FAILURES ===================================
__________________________ test_validator_sql_safety __________________________

    def test_validator_sql_safety():
        # We can test strict SQL validation logic without LLM first if the logic is regex based
        # But in our code it uses simple string check for Validator.validate_sql
    
        db_mock = MagicMock()
>       validator = ValidatorAgent(db_mock)
                    ^^^^^^^^^^^^^^^^^^^^^^^

tests\test_agents.py:11: 
_ _ _ _ _ _ _ _ _ _ _ _ _ _ _ _ _ _ _ _ _ _ _ _ _ _ _ _ _ _ _ _ _ _ _ _ _ _ _ _
src\sales_data_analysis\agents\validator.py:5: in __init__
    super().__init__("Validator", "QA & Compliance")
src\sales_data_analysis\agents\base_agent.py:7: in __init__
    self.llm = LLMClient()
               ^^^^^^^^^^^
src\sales_data_analysis\utils\llm_client.py:14: in __init__
    self.llm = ChatGoogleGenerativeAI(
venv\Lib\site-packages\langchain_google_genai\chat_models.py:2263: in __init__
    super().__init__(**kwargs)
_ _ _ _ _ _ _ _ _ _ _ _ _ _ _ _ _ _ _ _ _ _ _ _ _ _ _ _ _ _ _ _ _ _ _ _ _ _ _ _

self = ChatGoogleGenerativeAI(model='gemini-1.5-flash-latest', temperature=0.0, default_metadata=(), model_kwargs={}, convert_system_message_to_human=True)
args = ()
kwargs = {'convert_system_message_to_human': True, 'google_api_key': None, 'model': 'gemini-1.5-flash-latest', 'temperature': 0}

    def __init__(self, *args: Any, **kwargs: Any) -> None:
        """"""  # noqa: D419  # Intentional blank docstring
>       super().__init__(*args, **kwargs)
E       pydantic_core._pydantic_core.ValidationError: 1 validation error for ChatGoogleGenerativeAI
E         Value error, API key required for Gemini Developer API. Provide api_key parameter or set GOOGLE_API_KEY/GEMINI_API_KEY environment variable. [type=value_error, input_value={'model': 'gemini-1.5-fla...rue, 'model_kwargs': {}}, input_type=dict]
E           For further information visit https://errors.pydantic.dev/2.12/v/value_error

venv\Lib\site-packages\langchain_core\load\serializable.py:116: ValidationError
---------------------------- Captured stdout call -----------------------------
WARNING: GOOGLE_API_KEY not found in environment variables.
______________________ test_data_engineer_sql_generation ______________________

args = (), keywargs = {}

    @wraps(func)
    def patched(*args, **keywargs):
>       with self.decoration_helper(patched,
                                    args,
                                    keywargs) as (newargs, newkeywargs):

C:\Users\arjun\AppData\Local\Programs\Python\Python312\Lib\unittest\mock.py:1393: 
_ _ _ _ _ _ _ _ _ _ _ _ _ _ _ _ _ _ _ _ _ _ _ _ _ _ _ _ _ _ _ _ _ _ _ _ _ _ _ _
C:\Users\arjun\AppData\Local\Programs\Python\Python312\Lib\contextlib.py:137: in __enter__
    return next(self.gen)
           ^^^^^^^^^^^^^^
C:\Users\arjun\AppData\Local\Programs\Python\Python312\Lib\unittest\mock.py:1375: in decoration_helper
    arg = exit_stack.enter_context(patching)
          ^^^^^^^^^^^^^^^^^^^^^^^^^^^^^^^^^^
C:\Users\arjun\AppData\Local\Programs\Python\Python312\Lib\contextlib.py:526: in enter_context
    result = _enter(cm)
             ^^^^^^^^^^
C:\Users\arjun\AppData\Local\Programs\Python\Python312\Lib\unittest\mock.py:1467: in __enter__
    original, local = self.get_original()
                      ^^^^^^^^^^^^^^^^^^^
_ _ _ _ _ _ _ _ _ _ _ _ _ _ _ _ _ _ _ _ _ _ _ _ _ _ _ _ _ _ _ _ _ _ _ _ _ _ _ _

self = <unittest.mock._patch object at 0x000002A4CBA3F5F0>

    def get_original(self):
        target = self.getter()
        name = self.attribute
    
        original = DEFAULT
        local = False
    
        try:
            original = target.__dict__[name]
        except (AttributeError, KeyError):
            original = getattr(target, name, DEFAULT)
        else:
            local = True
    
        if name in _builtins and isinstance(target, ModuleType):
            self.create = True
    
        if not self.create and original is DEFAULT:
>           raise AttributeError(
                "%s does not have the attribute %r" % (target, name)
            )
E           AttributeError: <module 'sales_data_analysis.agents.data_engineer' from 'C:\\Users\\arjun\\OneDrive\\Documents\\Projects\\MyProjects\\Retail_Insights_Assistant_GenAI_Scalable_Data_System\\src\\sales_data_analysis\\agents\\data_engineer.py'> does not have the attribute 'LLMClient'

C:\Users\arjun\AppData\Local\Programs\Python\Python312\Lib\unittest\mock.py:1437: AttributeError
=========================== short test summary info ===========================
FAILED tests/test_agents.py::test_validator_sql_safety - pydantic_core._pydan...
FAILED tests/test_agents.py::test_data_engineer_sql_generation - AttributeErr...
========================= 2 failed, 3 passed in 1.09s =========================
